- 1117838571 2005.06.03 R02-M1-N0-C:J12-U11 2005-06-03-15.42.51.885834 R02-M1-N0-C:J12-U11 RAS KERNEL INFO instruction cache parity error corrected
- 1117838574 2005.06.03 R02-M1-N0-C:J12-U11 2005-06-03-15.42.54.161937 R02-M1-N0-C:J12-U11 RAS KERNEL INFO instruction cache parity error corrected
- 1117838576 2005.06.03 R02-M1-N0-C:J12-U11 2005-06-03-15.42.56.420533 R02-M1-N0-C:J12-U11 RAS KERNEL INFO instruction cache parity error corrected
- 1117838580 2005.06.03 R02-M1-N0-C:J12-U11 2005-06-03-15.43.00.713415 R02-M1-N0-C:J12-U11 RAS KERNEL INFO instruction cache parity error corrected
- 1117838581 2005.06.03 R02-M1-N0-C:J12-U11 2005-06-03-15.43.01.317488 R02-M1-N0-C:J12-U11 RAS KERNEL INFO instruction cache parity error corrected
- 1117838584 2005.06.03 R02-M1-N0-C:J12-U11 2005-06-03-15.43.04.078487 R02-M1-N0-C:J12-U11 RAS KERNEL INFO instruction cache parity error corrected
- 1117838588 2005.06.03 R02-M1-N0-C:J12-U11 2005-06-03-15.43.08.667599 R02-M1-N0-C:J12-U11 RAS KERNEL INFO instruction cache parity error corrected
- 1117838592 2005.06.03 R02-M1-N0-C:J12-U11 2005-06-03-15.43.12.710237 R02-M1-N0-C:J12-U11 RAS KERNEL INFO instruction cache parity error corrected
- 1117838594 2005.06.03 R02-M1-N0-C:J12-U11 2005-06-03-15.43.14.995922 R02-M1-N0-C:J12-U11 RAS KERNEL INFO instruction cache parity error corrected
- 1117838604 2005.06.03 R02-M1-N0-C:J12-U11 2005-06-03-15.43.24.401635 R02-M1-N0-C:J12-U11 RAS KERNEL INFO instruction cache parity error corrected
- 1117838609 2005.06.03 R02-M1-N0-C:J12-U11 2005-06-03-15.43.29.682447 R02-M1-N0-C:J12-U11 RAS KERNEL INFO instruction cache parity error corrected
- 1117838611 2005.06.03 R02-M1-N0-C:J12-U11 2005-06-03-15.43.31.833012 R02-M1-N0-C:J12-U11 RAS KERNEL INFO instruction cache parity error corrected
- 1117838611 2005.06.03 R02-M1-N0-C:J12-U11 2005-06-03-15.43.31.983769 R02-M1-N0-C:J12-U11 RAS KERNEL INFO instruction cache parity error corrected
- 1117838615 2005.06.03 R02-M1-N0-C:J12-U11 2005-06-03-15.43.35.151121 R02-M1-N0-C:J12-U11 RAS KERNEL INFO instruction cache parity error corrected
- 1117838615 2005.06.03 R02-M1-N0-C:J12-U11 2005-06-03-15.43.35.283745 R02-M1-N0-C:J12-U11 RAS KERNEL INFO instruction cache parity error corrected
- 1117838618 2005.06.03 R02-M1-N0-C:J12-U11 2005-06-03-15.43.38.543516 R02-M1-N0-C:J12-U11 RAS KERNEL INFO instruction cache parity error corrected
- 1117838618 2005.06.03 R02-M1-N0-C:J12-U11 2005-06-03-15.43.38.714249 R02-M1-N0-C:J12-U11 RAS KERNEL INFO instruction cache parity error corrected
- 1117838621 2005.06.03 R02-M1-N0-C:J12-U11 2005-06-03-15.43.41.015557 R02-M1-N0-C:J12-U11 RAS KERNEL INFO instruction cache parity error corrected
- 1117845126 2005.06.03 R20-M0-N5-C:J09-U11 2005-06-03-17.32.06.442433 R20-M0-N5-C:J09-U11 RAS KERNEL INFO generating core.3386
- 1117845126 2005.06.03 R20-M0-N5-C:J16-U01 2005-06-03-17.32.06.867383 R20-M0-N5-C:J16-U01 RAS KERNEL INFO generating core.3360
- 1117845126 2005.06.03 R20-M0-N5-C:J10-U01 2005-06-03-17.32.06.946655 R20-M0-N5-C:J10-U01 RAS KERNEL INFO generating core.3489
- 1117845127 2005.06.03 R21-M0-ND-C:J15-U11 2005-06-03-17.32.07.126468 R21-M0-ND-C:J15-U11 RAS KERNEL INFO generating core.2456
- 1117845127 2005.06.03 R21-M0-ND-C:J17-U11 2005-06-03-17.32.07.208830 R21-M0-ND-C:J17-U11 RAS KERNEL INFO generating core.2328
- 1117845128 2005.06.03 R21-M1-NF-C:J09-U01 2005-06-03-17.32.08.194431 R21-M1-NF-C:J09-U01 RAS KERNEL INFO generating core.1042
- 1117845128 2005.06.03 R24-M1-N1-C:J15-U01 2005-06-03-17.32.08.630641 R24-M1-N1-C:J15-U01 RAS KERNEL INFO generating core.1008
- 1117845128 2005.06.03 R24-M1-N1-C:J14-U01 2005-06-03-17.32.08.752804 R24-M1-N1-C:J14-U01 RAS KERNEL INFO generating core.992
- 1117845129 2005.06.03 R25-M0-N7-C:J13-U11 2005-06-03-17.32.09.071119 R25-M0-N7-C:J13-U11 RAS KERNEL INFO generating core.2169
- 1117845129 2005.06.03 R25-M0-N7-C:J06-U01 2005-06-03-17.32.09.594663 R25-M0-N7-C:J06-U01 RAS KERNEL INFO generating core.2274
- 1117845129 2005.06.03 R25-M0-N7-C:J02-U01 2005-06-03-17.32.09.635334 R25-M0-N7-C:J02-U01 RAS KERNEL INFO generating core.2275
- 1117845129 2005.06.03 R25-M0-N7-C:J02-U11 2005-06-03-17.32.09.657706 R25-M0-N7-C:J02-U11 RAS KERNEL INFO generating core.2283
- 1117845129 2005.06.03 R25-M0-N5-C:J03-U11 2005-06-03-17.32.09.738532 R25-M0-N5-C:J03-U11 RAS KERNEL INFO generating core.2555
- 1117845129 2005.06.03 R25-M0-N5-C:J08-U11 2005-06-03-17.32.09.834969 R25-M0-N5-C:J08-U11 RAS KERNEL INFO generating core.2410
- 1117846846 2005.06.03 R16-M1-N2-C:J17-U01 2005-06-03-18.00.46.903564 R16-M1-N2-C:J17-U01 RAS KERNEL INFO CE sym 2, at 0x0b85ec80, mask 0x07
- 1117846847 2005.06.03 R16-M1-N2-C:J17-U01 2005-06-03-18.00.47.490856 R16-M1-N2-C:J17-U01 RAS KERNEL INFO CE sym 2, at 0x0b85f2a0, mask 0x0c
- 1117846847 2005.06.03 R16-M1-N2-C:J17-U01 2005-06-03-18.00.47.670454 R16-M1-N2-C:J17-U01 RAS KERNEL INFO CE sym 2, at 0x0b85f480, mask 0x08
- 1117846847 2005.06.03 R16-M1-N2-C:J17-U01 2005-06-03-18.00.47.898242 R16-M1-N2-C:J17-U01 RAS KERNEL INFO CE sym 2, at 0x0b85f680, mask 0x0e
- 1117846848 2005.06.03 R16-M1-N2-C:J17-U01 2005-06-03-18.00.48.262928 R16-M1-N2-C:J17-U01 RAS KERNEL INFO CE sym 2, at 0x0b85fa80, mask 0x02
APPREAD 1117869920 2005.06.04 R22-M0-NC-I:J18-U01 2005-06-04-00.25.20.799506 R22-M0-NC-I:J18-U01 RAS APP FATAL ciod: failed to read message prefix on control stream (CioStream socket to 172.16.96.116:34185
APPREAD 1117869921 2005.06.04 R22-M1-N4-I:J18-U11 2005-06-04-00.25.21.726544 R22-M1-N4-I:J18-U11 RAS APP FATAL ciod: failed to read message prefix on control stream (CioStream socket to 172.16.96.116:33804
APPREAD 1117869921 2005.06.04 R21-M0-NC-I:J18-U11 2005-06-04-00.25.21.936359 R21-M0-NC-I:J18-U11 RAS APP FATAL ciod: failed to read message prefix on control stream (CioStream socket to 172.16.96.116:33960
APPREAD 1117869922 2005.06.04 R21-M0-N4-I:J18-U11 2005-06-04-00.25.22.004241 R21-M0-N4-I:J18-U11 RAS APP FATAL ciod: failed to read message prefix on control stream (CioStream socket to 172.16.96.116:33964
APPREAD 1117869922 2005.06.04 R34-M0-NC-I:J18-U11 2005-06-04-00.25.22.139889 R34-M0-NC-I:J18-U11 RAS APP FATAL ciod: failed to read message prefix on control stream (CioStream socket to 172.16.96.116:33728
APPREAD 1117869922 2005.06.04 R21-M1-N8-I:J18-U01 2005-06-04-00.25.22.540464 R21-M1-N8-I:J18-U01 RAS APP FATAL ciod: failed to read message prefix on control stream (CioStream socket to 172.16.96.116:33835
APPREAD 1117869922 2005.06.04 R30-M1-N0-I:J18-U11 2005-06-04-00.25.22.642339 R30-M1-N0-I:J18-U11 RAS APP FATAL ciod: failed to read message prefix on control stream (CioStream socket to 172.16.96.116:34086
APPREAD 1117869922 2005.06.04 R23-M1-N4-I:J18-U11 2005-06-04-00.25.22.931244 R23-M1-N4-I:J18-U11 RAS APP FATAL ciod: failed to read message prefix on control stream (CioStream socket to 172.16.96.116:33932
APPREAD 1117869923 2005.06.04 R32-M1-N0-I:J18-U01 2005-06-04-00.25.23.452407 R32-M1-N0-I:J18-U01 RAS APP FATAL ciod: failed to read message prefix on control stream (CioStream socket to 172.16.96.116:34183
APPREAD 1117869923 2005.06.04 R32-M0-NC-I:J18-U11 2005-06-04-00.25.23.554287 R32-M0-NC-I:J18-U11 RAS APP FATAL ciod: failed to read message prefix on control stream (CioStream socket to 172.16.96.116:33792
APPREAD 1117869924 2005.06.04 R35-M0-N8-I:J18-U11 2005-06-04-00.25.24.875765 R35-M0-N8-I:J18-U11 RAS APP FATAL ciod: failed to read message prefix on control stream (CioStream socket to 172.16.96.116:33858
APPREAD 1117869925 2005.06.04 R13-M1-N8-I:J18-U11 2005-06-04-00.25.25.216624 R13-M1-N8-I:J18-U11 RAS APP FATAL ciod: failed to read message prefix on control stream (CioStream socket to 172.16.96.116:33914
APPREAD 1117869925 2005.06.04 R10-M0-N4-I:J18-U01 2005-06-04-00.25.25.315896 R10-M0-N4-I:J18-U01 RAS APP FATAL ciod: failed to read message prefix on control stream (CioStream socket to 172.16.96.116:34077